MO Digital_Clock NULL Digital_Clock.v vlg3D/_digital___clock.bin 1498821697
MO Timer NULL Digital_Clock.v vlg69/_timer.bin 1498821697
MO SSD_Driver NULL Digital_Clock.v vlg19/_s_s_d___driver.bin 1498821697
MO Clock_Divider_500Hz NULL Digital_Clock.v vlg60/_clock___divider__500_hz.bin 1498821697
MO Clock_Divider_1Hz NULL Digital_Clock.v vlg0C/_clock___divider__1_hz.bin 1498821697
MO Ring_Counter NULL Digital_Clock.v vlg7B/_ring___counter.bin 1498821697
