MO Keypad NULL Keypad.v vlg6A/_keypad.bin 1500029512
MO Keypad_code NULL Keypad_Reader.v vlg68/_keypad__code.bin 1500029539
MO Keypad_Scanner NULL Keypad_Reader.v vlg77/_keypad___scanner.bin 1500029539
MO SSD_Driver NULL Keypad_Reader.v vlg19/_s_s_d___driver.bin 1500029539
MO Keypad_Reader NULL Keypad_Reader.v vlg14/_keypad___reader.bin 1500029539
MO Key_eff NULL Keypad.v vlg19/_key__eff.bin 1500029512
